should match the snapshot:
  1: |
    apiVersion: apps/v1
    kind: Deployment
    metadata:
      labels:
        app.kubernetes.io/instance: RELEASE-NAME
        app.kubernetes.io/managed-by: Helm
        app.kubernetes.io/name: teleport-plugin-mattermost
        app.kubernetes.io/version: 13.0.2
        helm.sh/chart: teleport-plugin-mattermost-13.0.2
      name: RELEASE-NAME-teleport-plugin-mattermost
    spec:
      replicas: 1
      selector:
        matchLabels:
          app.kubernetes.io/instance: RELEASE-NAME
          app.kubernetes.io/name: teleport-plugin-mattermost
      template:
        metadata:
          labels:
            app.kubernetes.io/instance: RELEASE-NAME
            app.kubernetes.io/name: teleport-plugin-mattermost
        spec:
          containers:
          - command:
            - /usr/local/bin/teleport-plugin
            - start
            - --config
            - /etc/teleport-mattermost.toml
            image: gcr.io/overridden/repository:v98.76.54
            imagePullPolicy: IfNotPresent
            name: teleport-plugin-mattermost
            ports:
            - containerPort: 80
              name: http
              protocol: TCP
            resources: {}
            securityContext: {}
            volumeMounts:
            - mountPath: /etc/teleport-mattermost.toml
              name: config
              subPath: teleport-mattermost.toml
            - mountPath: /var/lib/teleport/plugins/mattermost/auth_id
              name: auth-id
              subPath: auth_id
            - mountPath: /var/lib/teleport/plugins/mattermost/mattermost_token
              name: password-file
              subPath: mattermostToken
          securityContext: {}
          volumes:
          - configMap:
              defaultMode: 384
              name: RELEASE-NAME-teleport-plugin-mattermost
            name: config
          - name: auth-id
            secret:
              defaultMode: 384
              secretName: ""
          - name: password-file
            secret:
              defaultMode: 384
              secretName: RELEASE-NAME-teleport-plugin-mattermost-secret
should mount external secret:
  1: |
    apiVersion: apps/v1
    kind: Deployment
    metadata:
      labels:
        app.kubernetes.io/instance: RELEASE-NAME
        app.kubernetes.io/managed-by: Helm
        app.kubernetes.io/name: teleport-plugin-mattermost
        app.kubernetes.io/version: 13.0.2
        helm.sh/chart: teleport-plugin-mattermost-13.0.2
      name: RELEASE-NAME-teleport-plugin-mattermost
    spec:
      replicas: 1
      selector:
        matchLabels:
          app.kubernetes.io/instance: RELEASE-NAME
          app.kubernetes.io/name: teleport-plugin-mattermost
      template:
        metadata:
          labels:
            app.kubernetes.io/instance: RELEASE-NAME
            app.kubernetes.io/name: teleport-plugin-mattermost
        spec:
          containers:
          - command:
            - /usr/local/bin/teleport-plugin
            - start
            - --config
            - /etc/teleport-mattermost.toml
            image: public.ecr.aws/gravitational/teleport-plugin-mattermost:13.0.2
            imagePullPolicy: IfNotPresent
            name: teleport-plugin-mattermost
            ports:
            - containerPort: 80
              name: http
              protocol: TCP
            resources: {}
            securityContext: {}
            volumeMounts:
            - mountPath: /etc/teleport-mattermost.toml
              name: config
              subPath: teleport-mattermost.toml
            - mountPath: /var/lib/teleport/plugins/mattermost/auth_id
              name: auth-id
              subPath: auth_id
            - mountPath: /var/lib/teleport/plugins/mattermost/mattermost_token
              name: password-file
              subPath: my-token-in-secret
          securityContext: {}
          volumes:
          - configMap:
              defaultMode: 384
              name: RELEASE-NAME-teleport-plugin-mattermost
            name: config
          - name: auth-id
            secret:
              defaultMode: 384
              secretName: ""
          - name: password-file
            secret:
              defaultMode: 384
              secretName: my-mattermost-secret
should override volume name:
  1: |
    apiVersion: apps/v1
    kind: Deployment
    metadata:
      labels:
        app.kubernetes.io/instance: RELEASE-NAME
        app.kubernetes.io/managed-by: Helm
        app.kubernetes.io/name: teleport-plugin-mattermost
        app.kubernetes.io/version: 13.0.2
        helm.sh/chart: teleport-plugin-mattermost-13.0.2
      name: RELEASE-NAME-teleport-plugin-mattermost
    spec:
      replicas: 1
      selector:
        matchLabels:
          app.kubernetes.io/instance: RELEASE-NAME
          app.kubernetes.io/name: teleport-plugin-mattermost
      template:
        metadata:
          labels:
            app.kubernetes.io/instance: RELEASE-NAME
            app.kubernetes.io/name: teleport-plugin-mattermost
        spec:
          containers:
          - command:
            - /usr/local/bin/teleport-plugin
            - start
            - --config
            - /etc/teleport-mattermost.toml
            image: public.ecr.aws/gravitational/teleport-plugin-mattermost:13.0.2
            imagePullPolicy: IfNotPresent
            name: teleport-plugin-mattermost
            ports:
            - containerPort: 80
              name: http
              protocol: TCP
            resources: {}
            securityContext: {}
            volumeMounts:
            - mountPath: /etc/teleport-mattermost.toml
              name: config
              subPath: teleport-mattermost.toml
            - mountPath: /var/lib/teleport/plugins/mattermost/auth_id
              name: auth-id
              subPath: auth_id
            - mountPath: /var/lib/teleport/plugins/mattermost/mattermost_token
              name: my-secret-volume
              subPath: mattermostToken
          securityContext: {}
          volumes:
          - configMap:
              defaultMode: 384
              name: RELEASE-NAME-teleport-plugin-mattermost
            name: config
          - name: auth-id
            secret:
              defaultMode: 384
              secretName: ""
          - name: my-secret-volume
            secret:
              defaultMode: 384
              secretName: RELEASE-NAME-teleport-plugin-mattermost-secret
