should match the snapshot (mailgun on):
  1: |
    apiVersion: v1
    data:
      teleport-email.toml: |
        [teleport]
        addr = "teleport.example.com:1234"
        identity = "/var/lib/teleport/plugins/email/auth_id"

        [mailgun]
        domain      = "mymailgunsubdomain.mailgun.org"
        private_key = "xoxb-fakekey62b0eac53565a38c8cc0316f6"


        [delivery]
        sender = ""
        recipients = []

        [log]
        output = "stdout"
        severity = "INFO"
    kind: ConfigMap
    metadata:
      labels:
        app.kubernetes.io/instance: RELEASE-NAME
        app.kubernetes.io/managed-by: Helm
        app.kubernetes.io/name: teleport-plugin-email
        app.kubernetes.io/version: 9.3.5
        helm.sh/chart: teleport-plugin-email-9.3.5
      name: RELEASE-NAME-teleport-plugin-email
should match the snapshot (smtp on):
  1: |
    apiVersion: v1
    data:
      teleport-email.toml: |
        [teleport]
        addr = "teleport.example.com:1234"
        identity = "/var/lib/teleport/plugins/email/auth_id"

        [smtp]
        host          = "smtp.example.com"
        port          = 1234
        username      = "mysmtpuser"
        password      = "mysmtppasswd"

        starttls_policy = "mandatory"

        [delivery]
        sender = "teleport@example.com"
        recipients = ["security@mycompany.com"]

        [log]
        output = "/var/log/teleport-email.log"
        severity = "DEBUG"
    kind: ConfigMap
    metadata:
      labels:
        app.kubernetes.io/instance: RELEASE-NAME
        app.kubernetes.io/managed-by: Helm
        app.kubernetes.io/name: teleport-plugin-email
        app.kubernetes.io/version: 9.3.5
        helm.sh/chart: teleport-plugin-email-9.3.5
      name: RELEASE-NAME-teleport-plugin-email
should match the snapshot (smtp on, no starttls):
  1: |
    apiVersion: v1
    data:
      teleport-email.toml: |
        [teleport]
        addr = "teleport.example.com:1234"
        identity = "/var/lib/teleport/plugins/email/auth_id"

        [smtp]
        host          = "smtp.example.com"
        port          = 1234
        username      = "mysmtpuser"
        password_file = "/etc/teleport/supersecretemailpw"

        starttls_policy = "mandatory"

        [delivery]
        sender = ""
        recipients = []

        [log]
        output = "stdout"
        severity = "INFO"
    kind: ConfigMap
    metadata:
      labels:
        app.kubernetes.io/instance: RELEASE-NAME
        app.kubernetes.io/managed-by: Helm
        app.kubernetes.io/name: teleport-plugin-email
        app.kubernetes.io/version: 9.3.5
        helm.sh/chart: teleport-plugin-email-9.3.5
      name: RELEASE-NAME-teleport-plugin-email
should match the snapshot (smtp on, password file):
  1: |
    apiVersion: v1
    data:
      teleport-email.toml: |
        [teleport]
        addr = "teleport.example.com:1234"
        identity = "/var/lib/teleport/plugins/email/auth_id"

        [smtp]
        host          = "smtp.example.com"
        port          = 1234
        username      = "mysmtpuser"
        password_file = "/etc/teleport/supersecretemailpw"

        starttls_policy = "mandatory"

        [delivery]
        sender = ""
        recipients = []

        [log]
        output = "stdout"
        severity = "INFO"
    kind: ConfigMap
    metadata:
      labels:
        app.kubernetes.io/instance: RELEASE-NAME
        app.kubernetes.io/managed-by: Helm
        app.kubernetes.io/name: teleport-plugin-email
        app.kubernetes.io/version: 9.3.5
        helm.sh/chart: teleport-plugin-email-9.3.5
      name: RELEASE-NAME-teleport-plugin-email
should match the snapshot (smtp on, roleToRecipients set):
  1: |
    apiVersion: v1
    data:
      teleport-email.toml: |
        [teleport]
        addr = "teleport.example.com:1234"
        identity = "/var/lib/teleport/plugins/email/auth_id"

        [smtp]
        host          = "smtp.example.com"
        port          = 1234
        username      = "mysmtpuser"
        password      = "mysmtppasswd"

        starttls_policy = "mandatory"

        [delivery]
        sender = "teleport@example.com"

        [role_to_recipients]
        "*" = ["security@mycompany.com"]
        "dev" = ["developers@mycompany.com"]

        [log]
        output = "/var/log/teleport-email.log"
        severity = "DEBUG"
    kind: ConfigMap
    metadata:
      labels:
        app.kubernetes.io/instance: RELEASE-NAME
        app.kubernetes.io/managed-by: Helm
        app.kubernetes.io/name: teleport-plugin-email
        app.kubernetes.io/version: 9.3.5
        helm.sh/chart: teleport-plugin-email-9.3.5
      name: RELEASE-NAME-teleport-plugin-email
should match the snapshot (smtp on, starttls disabled):
  1: |
    apiVersion: v1
    data:
      teleport-email.toml: |
        [teleport]
        addr = "teleport.example.com:1234"
        identity = "/var/lib/teleport/plugins/email/auth_id"

        [smtp]
        host          = "smtp.example.com"
        port          = 1234
        username      = "mysmtpuser"
        password_file = "/etc/teleport/supersecretemailpw"

        starttls_policy = "disabled"

        [delivery]
        sender = ""
        recipients = []

        [log]
        output = "stdout"
        severity = "INFO"
    kind: ConfigMap
    metadata:
      labels:
        app.kubernetes.io/instance: RELEASE-NAME
        app.kubernetes.io/managed-by: Helm
        app.kubernetes.io/name: teleport-plugin-email
        app.kubernetes.io/version: 9.3.5
        helm.sh/chart: teleport-plugin-email-9.3.5
      name: RELEASE-NAME-teleport-plugin-email
